{
  "manifest_commit": "8d1649c03a63a39c9aa092532c376800cc4a3863",
  "manifest_method": "Source and published-output review, no new model inference",
  "manifest_paper": "https://arxiv.org/html/2609.16247v1",
  "n_files_in_manifest": 776,
  "clone_HEAD": "8d1649c03a63a39c9aa092532c376800cc4a3863",
  "commit_matches": true,
  "clone_dirty_entries": [],
  "files_checked": 776,
  "files_missing": [],
  "files_hash_mismatch": [],
  "n_files_on_disk_excl_git": 780,
  "n_on_disk_not_in_manifest": 4,
  "on_disk_not_in_manifest_sample": [
    ".gitignore",
    "LICENSE",
    "README.md",
    "requirements.txt"
  ],
  "on_disk_not_in_manifest_by_ext": {
    "(none)": 2,
    ".md": 1,
    ".txt": 1
  },
  "manifest_top_dirs": [
    "datasets",
    "results",
    "scripts"
  ]
}
